[2024-05-25T11:33:07.723Z] [DEBUG] This is a debug message
